
> web@0.1.0 build
> next build

 ⚠ Warning: Next.js inferred your workspace root, but it may not be correct.
 We detected multiple lockfiles and selected the directory of E:\code\little-bloom-creations\package-lock.json as the root directory.
 To silence this warning, set `outputFileTracingRoot` in your Next.js config, or consider removing one of the lockfiles if it's not needed.
   See https://nextjs.org/docs/app/api-reference/config/next-config-js/output#caveats for more information.
 Detected additional lockfiles: 
   * E:\code\little-bloom-creations\apps\web\package-lock.json

   ▲ Next.js 15.5.7
   - Environments: .env.local, .env

   Creating an optimized production build ...
 ✓ Compiled successfully in 97s
   Linting and checking validity of types ...
   Collecting page data ...
unhandledRejection [Error [PageNotFoundError]: Cannot find module for page: /_document] {
  type: 'PageNotFoundError',
  code: 'ENOENT'
}
npm error Lifecycle script `build` failed with error:
npm error code 1
npm error path E:\code\little-bloom-creations\apps\web
npm error workspace web@0.1.0
npm error location E:\code\little-bloom-creations\apps\web
npm error command failed
npm error command C:\WINDOWS\system32\cmd.exe /d /s /c next build
